
T3792.hs:3:17: Illegal qualified name in import item: Prelude.map
