
T1357.hs:5:1:
    Warning: possible missing & in foreign import of FunPtr
