Breakpoint 0 activated at B.hs:5:1-7
Breakpoint 1 activated at B.hs:5:1-7
