
T7881.hs:7:6: Warning: Enumeration is empty

T7881.hs:25:6: Warning: Enumeration is empty

T7881.hs:31:6: Warning: Enumeration is empty
