
T2677.hs:6:15:
    Conflicting family instance declarations:
      A a -- Defined at T2677.hs:6:15
      A Int -- Defined at T2677.hs:7:15
