
<no location info>:
    The package (bytestring-0.10.1.0) is required to be trusted but it isn't!
