Breakpoint 0 activated at break014.hs:3:15-19
Stopped at break014.hs:3:15-19
_result :: (Bool, Bool) = _
a :: Bool = _
b :: Bool = _
