Breakpoint 0 activated at ../Test3.hs:1:14-15
Stopped at ../Test3.hs:1:14-15
_result :: [a] = _
