MkT2 [Just 1]
Breakpoint 0 activated at print029.hs:4:1-7
MkT2 Stopped at print029.hs:4:1-7
_result :: t Int = _
Stopped at print029.hs:4:7
_result :: t Int = _
x :: t Int = [Just 1]
x = [Just 1]
