runghc: defer-type-errors: rawSystem: runInteractiveProcess: exec: does not exist (No such file or directory)
