Rule fired: Class op abs
Rule fired: Class op signum
Rule fired: normalize/Double
