
mod69.hs:3:7: Pattern syntax in expression context: x@1
