
mod70.hs:3:8: Pattern syntax in expression context: ~1
