
T9230.hs:5:1: Warning:
    Tab character found here.
    Please use spaces instead.
