
T5455.hs:13:13:
    Warning: Pattern match(es) are non-exhaustive
             In a pattern binding: Patterns not matched: []
