Ok, modules loaded: Ghci058.
'a'
Ok, modules loaded: Ghci058.
'b'
