data R = A | ... 	-- Defined at <interactive>:4:10
